// Jest Snapshot v1, https://goo.gl/fbAQLP

exports[`FlagIcon Component should match snapshot 1`] = `
<img
  alt="EUR"
  src="EU.svg"
  style={
    Object {
      "display": "inline-block",
      "height": "25px",
      "width": "25px",
    }
  }
/>
`;
